// Jest Snapshot v1, https://goo.gl/fbAQLP

exports[`FrontPage renders correctly 1`] = `
<div
  id="FrontPage"
>
  <main>
    <h1>
      What's the magic word?
    </h1>
    <form>
      <textarea
        onChange={[Function]}
        value=""
      />
      <button
        onClick={[Function]}
      >
        Submit!
      </button>
    </form>
    <img
      src="joker.svg"
    />
  </main>
</div>
`;
